Running php-build composer
WARNING! Your password will be stored unencrypted in /home/runner/.docker/config.json.
Configure a credential helper to remove this warning. See
https://docs.docker.com/engine/reference/commandline/login/#credentials-store

Login Succeeded
Pulling docker.pkg.github.com/thom4parisot/wp-less/php-actions_composer_wp-less:php-latest-build2.1.0
php-latest-build2.1.0: Pulling from thom4parisot/wp-less/php-actions_composer_wp-less
da9db072f522: Already exists
81d4026d1cc5: Pulling fs layer
0ca19f9a3dd1: Pulling fs layer
d429435d57d0: Pulling fs layer
22359169dee3: Pulling fs layer
60636de7ac44: Pulling fs layer
d6574e97188f: Pulling fs layer
dc0db01ff42c: Pulling fs layer
3e12f7079c7b: Pulling fs layer
2e5943def6f2: Pulling fs layer
22359169dee3: Waiting
60636de7ac44: Waiting
3e12f7079c7b: Waiting
d6574e97188f: Waiting
dc0db01ff42c: Waiting
2e5943def6f2: Waiting
81d4026d1cc5: Verifying Checksum
81d4026d1cc5: Download complete
d429435d57d0: Verifying Checksum
d429435d57d0: Download complete
0ca19f9a3dd1: Verifying Checksum
0ca19f9a3dd1: Download complete
22359169dee3: Verifying Checksum
22359169dee3: Download complete
dc0db01ff42c: Verifying Checksum
dc0db01ff42c: Download complete
60636de7ac44: Verifying Checksum
60636de7ac44: Download complete
3e12f7079c7b: Verifying Checksum
3e12f7079c7b: Download complete
2e5943def6f2: Verifying Checksum
2e5943def6f2: Download complete
81d4026d1cc5: Pull complete
d6574e97188f: Verifying Checksum
d6574e97188f: Download complete
0ca19f9a3dd1: Pull complete
d429435d57d0: Pull complete
22359169dee3: Pull complete
60636de7ac44: Pull complete
d6574e97188f: Pull complete
dc0db01ff42c: Pull complete
3e12f7079c7b: Pull complete
2e5943def6f2: Pull complete
Digest: sha256:7cd6aabbd92de248beda4dd1bfa162c9a19a7a8d5f5dd01abd6265d1bfc33ef8
Status: Downloaded newer image for docker.pkg.github.com/thom4parisot/wp-less/php-actions_composer_wp-less:php-latest-build2.1.0
docker.pkg.github.com/thom4parisot/wp-less/php-actions_composer_wp-less:php-latest-build2.1.0
Docker tag: docker.pkg.github.com/thom4parisot/wp-less/php-actions_composer_wp-less:php-latest-build2.1.0
No private keys supplied
Command: composer install --no-progress --no-interaction
Skipping env variable PWD
Skipping env variable HOME
Skipping env variable SHLVL
Skipping env variable PATH
